// Jest Snapshot v1, https://goo.gl/fbAQLP

exports[`Logo renders the Logo component 1`] = `
<div
  class="w-24 h-4"
  data-testid="logo"
>
  <svg
    fill="none"
    viewBox="0 0 114 20"
    xmlns="http://www.w3.org/2000/svg"
  >
    <path
      d="M113.798 0H78.233v20h35.565z"
      fill="#FE9726"
    />
    <path
      d="M89.285 4.597h2.471v8.674h10.99v2.132h-13.46V4.597Z"
      fill="#fff"
    />
    <path
      d="M74.681 0H39.117v20H74.68z"
      fill="#16B8FE"
    />
    <path
      d="M55.664 6.727h-6.251v-2.13h14.972v2.13h-6.25v8.676h-2.471z"
      fill="#fff"
    />
    <path
      d="M35.565 0H0v20h35.565z"
      fill="#0975F3"
    />
    <path
      d="M10.103 4.597h9.477c2.888 0 4.492 1.297 4.492 3.474 0 1.867-1.203 3.118-3.256 3.41l4.646 3.922h-3.566l-4.368-3.782h-4.956v3.782h-2.469zm9.154 5.001c1.527 0 2.27-.493 2.27-1.497s-.741-1.483-2.27-1.483h-6.685v2.979z"
      fill="#fff"
    />
  </svg>
</div>
`;
